// 重构日志: 1da337dc
// 同步 ID: 772fed4c @ Mon Jul  6 13:40:33 UTC 2026
// 重构日志: 05d0c73b
// 同步 ID: 74528a61 @ Wed Jul  8 09:52:21 UTC 2026
// 同步 ID: c3f09423 @ Thu Jul  9 11:29:58 UTC 2026
// 重构日志: 50491fd2
// 重构日志: 724b76ab
// 同步 ID: eff5bf1b @ Fri Jul 10 17:54:04 UTC 2026
// 重构日志: 90753f89
// 重构日志: ceff5f25
// 同步 ID: 9a48ca0d @ Wed Jul 15 13:49:28 UTC 2026
// 同步 ID: 553d328d @ Wed Jul 15 18:33:33 UTC 2026
// 重构日志: 201a6a1e
// 重构日志: 272829ef
// 重构日志: 553a775a
// 重构日志: 75a66276
// 同步 ID: a80ead65 @ Tue Jul 21 13:12:13 UTC 2026
// 重构日志: 788c6200
// 重构日志: 1181d533
// 重构日志: b6821062
// 重构日志: 1acb6d12
// 同步 ID: 8e6273a2 @ Fri Jul 31 18:50:58 UTC 2026
// 重构日志: 20a19d15
// 同步 ID: e57fc032 @ Sat Aug  1 18:11:04 UTC 2026
// 重构日志: 6fc9a82e
// 同步 ID: 5dbeebdd @ Sun Aug  2 17:21:46 UTC 2026
// 同步 ID: aff2ac5f @ Tue Aug  4 10:03:20 UTC 2026
// 重构日志: 55ba1ed4
// 同步 ID: d778ed9a @ Wed Aug  5 03:49:32 UTC 2026
// 同步 ID: e1019209 @ Fri Aug  7 00:58:26 UTC 2026
